   Compiling proc-macro2 v1.0.106
   Compiling quote v1.0.44
   Compiling unicode-ident v1.0.23
   Compiling serde_core v1.0.228
   Compiling libm v0.2.16
    Checking windows-link v0.2.1
    Checking cfg-if v1.0.4
   Compiling serde v1.0.228
    Checking log v0.4.29
    Checking pin-project-lite v0.2.16
    Checking foldhash v0.2.0
   Compiling thiserror v2.0.18
   Compiling equivalent v1.0.2
   Compiling winnow v0.7.14
   Compiling hashbrown v0.16.1
   Compiling crossbeam-utils v0.8.21
   Compiling toml_datetime v0.7.5+spec-1.1.0
    Checking foldhash v0.1.5
    Checking smallvec v1.15.1
   Compiling autocfg v1.5.0
    Checking windows-sys v0.61.2
    Checking arrayvec v0.7.6
    Checking parking v2.2.1
    Checking hashbrown v0.15.5
error: linker `link.exe` not found
  |
  = note: program not found

note: the msvc targets depend on the msvc linker but `link.exe` was not found

note: please ensure that Visual Studio 2017 or later, or Build Tools for Visual Studio were installed with the Visual C++ option.

note: VS Code is a different product, and is not sufficient.

error: could not compile `quote` (build script) due to 1 previous error
warning: build failed, waiting for other jobs to finish...
error: could not compile `serde_core` (build script) due to 1 previous error
error: could not compile `proc-macro2` (build script) due to 1 previous error
error: could not compile `crossbeam-utils` (build script) due to 1 previous error
error: could not compile `libm` (build script) due to 1 previous error
error: could not compile `serde` (build script) due to 1 previous error
error: could not compile `thiserror` (build script) due to 1 previous error
